// Jest Snapshot v1, https://goo.gl/fbAQLP

exports[`ColorList component should render as expected 1`] = `
<div
  className="colorlist-container"
>
  <div
    className="error-message"
  >
    <h3 />
  </div>
  <div
    className="palette-container"
  />
</div>
`;
